libredgpu.so:redMemoryGetBudget	584	static
libredgpu.so:redMemoryAllocate	24	static
libredgpu.so:redInternalMemoryAllocate	216	static
libredgpu.so:redMemoryAllocateMappable	24	static
libredgpu.so:redMemoryFree	56	static
libredgpu.so:redMemorySet	72	static
libredgpu.so:redMemoryMap	56	static
libredgpu.so:redMemoryUnmap	24	static
libredgpu.so:redMemoryNonCoherentFlush	88	static
libredgpu.so:redMemoryNonCoherentInvalidate	120	static
libredgpu.so:redStructsMemoryAllocate	168	static
libredgpu.so:redStructsMemoryAllocateSamplers	168	static
libredgpu.so:redStructsMemorySuballocateStructs	136	static
libredgpu.so:redStructsMemoryReset	40	static
libredgpu.so:redStructsMemoryFree	0	static
libredgpu.so:redStructsSet	0	static
libredgpu.so:redCreateContext	2872	static
libredgpu.so:redCreateArray	232	static
libredgpu.so:redCreateImage	264	static
libredgpu.so:redCreateSampler	168	static
libredgpu.so:redCreateTexture	168	static
libredgpu.so:redCreateGpuCode	136	static
libredgpu.so:redCreateOutputDeclaration	1944	static
libredgpu.so:redCreateStructDeclaration	360	static
libredgpu.so:redCreateProcedureParameters	264	static
libredgpu.so:redCreateProcedureCache	136	static
libredgpu.so:redCreateProcedure	1176	static
libredgpu.so:redCreateProcedureCompute	184	static
libredgpu.so:redCreateProcedureComputingLanguage	232	static
libredgpu.so:redCreateOutput	344	static
libredgpu.so:redCreateCpuSignal	120	static
libredgpu.so:redCreateGpuSignal	136	static
libredgpu.so:redCreateGpuToCpuSignal	136	static
libredgpu.so:redCreateCalls	184	static
libredgpu.so:redCreateCallsReusable	184	static
libredgpu.so:redDestroyContext	0	static
libredgpu.so:redInternalDestroyContext	136	static
libredgpu.so:redDestroyArray	0	static
libredgpu.so:redDestroyImage	0	static
libredgpu.so:redDestroySampler	0	static
libredgpu.so:redDestroyTexture	0	static
libredgpu.so:redDestroyGpuCode	0	static
libredgpu.so:redDestroyOutputDeclaration	0	static
libredgpu.so:redDestroyStructDeclaration	72	static
libredgpu.so:redDestroyProcedureParameters	56	static
libredgpu.so:redDestroyProcedureCache	0	static
libredgpu.so:redDestroyProcedure	0	static
libredgpu.so:redDestroyOutput	0	static
libredgpu.so:redDestroyCpuSignal	0	static
libredgpu.so:redDestroyGpuSignal	0	static
libredgpu.so:redDestroyGpuToCpuSignal	0	static
libredgpu.so:redDestroyCalls	104	static
libredgpu.so:redProcedureCacheGetBlob	40	static
libredgpu.so:redProcedureCacheMergeCaches	40	static
libredgpu.so:redCpuSignalGetStatus	8	static
libredgpu.so:redCpuSignalWait	40	static
libredgpu.so:redCpuSignalUnsignal	40	static
libredgpu.so:redGpuToCpuSignalGetStatus	8	static
libredgpu.so:redGpuToCpuSignalUnsignal	40	static
libredgpu.so:redCallsSet	104	static
libredgpu.so:redCallsEnd	72	static
libredgpu.so:redGetCallProceduresAndAddresses	40	static
libredgpu.so:redCallSetDynamicViewport	24	static
libredgpu.so:redCallSetDynamicScissor	24	static
libredgpu.so:redCallSetStructsMemory	0	static
libredgpu.so:redCallSetProcedureParameters	0	static
libredgpu.so:redCallSetProcedureOutput	408	static
libredgpu.so:redCallEndProcedureOutput	0	static
libredgpu.so:redCallUsageAliasOrderBarrier	184	static
libredgpu.so:redCallMark	40	static
libredgpu.so:redCallMarkSet	40	static
libredgpu.so:redCallMarkEnd	0	static
libredgpu.so:redQueueSubmit	40	static
libredgpu.so:redMark	0	static
libredgpu.so:redMarkSet	0	static
libredgpu.so:redMarkEnd	0	static
libredgpu.so:redGpuVisTracingStart	0	static
libredgpu.so:redGpuVisTracingCapture	0	static
libredgpu.so:redGpuVisTracingStop	0	static
libredgpu.so:redCreateSurfaceWin32	24	static
libredgpu.so:redInternalSetStatus	56	static
libredgpu.so:redCreateSurfaceXlibOrXcb	104	static
libredgpu.so:redCreatePresent	312	static
libredgpu.so:redDestroySurface	0	static
libredgpu.so:redDestroyPresent	0	static
libredgpu.so:redQueueFamilyIndexGetSupportsPresent	72	static
libredgpu.so:redSurfaceGetPresentFeatures	120	static
libredgpu.so:redSurfaceGetCurrentPropertiesAndPresentLimits	120	static
libredgpu.so:redPresentGetImageIndex	40	static
libredgpu.so:redQueuePresent	120	static
libredgpu.so:redDebugArrayGetHandle	24	static
libredgpu.so:redDebugArrayCallPrint	24	static
libredgpu.so:redCreateArrayTimestamp	120	static
libredgpu.so:redDestroyArrayTimestamp	0	static
libredgpu.so:redCallArrayTimestampWrite	40	static
libredgpu.so:redArrayTimestampRead	40	static
libredgpu.so:redPphiInternalCallSetProcedureParametersStructs	0	static
libredgpu.so:redPphiInternalCallSetProcedureParametersHandles	872	static
libredgpu.so:redPphiInternalCallSetProcedureParametersVariables	0	static
libredgpu.so:redInternalDebugSendErrorMessage	152	static
